╭───────────────────── Traceback (most recent call last) ──────────────────────╮
│ /users/PGS0407/binben14/VietHuy/ConstructionVLM-Eval/cveval/cli.py:58 in     │
│ run_cmd                                                                      │
│                                                                              │
│   55 │   │   │   ),                                                          │
│   56 │   │   )                                                               │
│   57 │                                                                       │
│ ❱ 58 │   path = LocalRunner(cfg).run()                                       │
│   59 │   typer.echo(f"Wrote: {path}")                                        │
│   60                                                                         │
│   61                                                                         │
│                                                                              │
│ /users/PGS0407/binben14/VietHuy/ConstructionVLM-Eval/cveval/runner/local_run │
│ ner.py:67 in run                                                             │
│                                                                              │
│    64 │   │   │   yaml.safe_dump(cfg.model_dump(mode="json"),                │
│       sort_keys=False)                                                       │
│    65 │   │   )                                                              │
│    66 │   │                                                                  │
│ ❱  67 │   │   dataset = self._dataset_cls(cfg.data)                          │
│    68 │   │   task = self._task_cls(cfg.task)                                │
│    69 │   │   model = self._model_cls(cfg.model)                             │
│    70                                                                        │
╰──────────────────────────────────────────────────────────────────────────────╯
TypeError: ConSynthXDataset.__init__() takes 1 positional argument but 2 were 
given
